[02/12/2025  8:00:02.86] Waiting for MySQL connection... 
[02/12/2025  8:00:07.08] MySQL not ready yet. Waiting... (1/20) 
[02/12/2025  8:00:26.47] MySQL not ready yet. Waiting... (2/20) 
[02/12/2025  8:00:45.42] MySQL not ready yet. Waiting... (3/20) 
[02/12/2025  8:01:04.41] MySQL not ready yet. Waiting... (4/20) 
[02/12/2025  8:01:23.42] MySQL not ready yet. Waiting... (5/20) 
[02/12/2025  8:01:42.77] MySQL not ready yet. Waiting... (6/20) 
[02/12/2025  8:02:01.43] MySQL not ready yet. Waiting... (7/20) 
[02/12/2025  8:02:20.35] MySQL not ready yet. Waiting... (8/20) 
[02/12/2025  8:02:39.39] MySQL not ready yet. Waiting... (9/20) 
[02/12/2025  8:02:58.35] MySQL not ready yet. Waiting... (10/20) 
[02/12/2025  8:03:17.38] MySQL not ready yet. Waiting... (11/20) 
[02/12/2025  8:03:36.36] MySQL not ready yet. Waiting... (12/20) 
[02/12/2025  8:03:55.40] MySQL not ready yet. Waiting... (13/20) 
[02/12/2025  8:04:14.47] MySQL not ready yet. Waiting... (14/20) 
[02/12/2025  8:04:33.71] MySQL not ready yet. Waiting... (15/20) 
[02/12/2025  8:04:52.39] MySQL not ready yet. Waiting... (16/20) 
[02/12/2025  8:05:11.41] MySQL not ready yet. Waiting... (17/20) 
[02/12/2025  8:05:30.45] MySQL not ready yet. Waiting... (18/20) 
[02/12/2025  8:05:49.42] MySQL not ready yet. Waiting... (19/20) 
[02/12/2025  8:06:08.46] ERROR: MySQL not available after 5 minutes. Exiting. 
MySQL connection failed: SQLSTATE[HY000] [2002] No connection could be made because the target machine actively refused it
Please start MySQL/XAMPP service.
