[04/12/2025  8:59:20.19] Waiting for MySQL connection... 
[04/12/2025  8:59:24.43] MySQL not ready yet. Waiting... (1/20) 
[04/12/2025  8:59:43.39] MySQL not ready yet. Waiting... (2/20) 
[04/12/2025  9:00:02.39] MySQL not ready yet. Waiting... (3/20) 
[04/12/2025  9:00:21.41] MySQL not ready yet. Waiting... (4/20) 
[04/12/2025  9:00:40.35] MySQL not ready yet. Waiting... (5/20) 
[04/12/2025  9:00:59.29] MySQL not ready yet. Waiting... (6/20) 
[04/12/2025  9:01:18.41] MySQL not ready yet. Waiting... (7/20) 
[04/12/2025  9:01:37.41] MySQL not ready yet. Waiting... (8/20) 
[04/12/2025  9:01:56.37] MySQL not ready yet. Waiting... (9/20) 
[04/12/2025  9:02:15.30] MySQL not ready yet. Waiting... (10/20) 
[04/12/2025  9:02:34.34] MySQL not ready yet. Waiting... (11/20) 
[04/12/2025  9:02:53.32] MySQL not ready yet. Waiting... (12/20) 
[04/12/2025  9:03:12.37] MySQL not ready yet. Waiting... (13/20) 
[04/12/2025  9:03:31.40] MySQL not ready yet. Waiting... (14/20) 
[04/12/2025  9:03:50.29] MySQL not ready yet. Waiting... (15/20) 
[04/12/2025  9:04:09.32] MySQL not ready yet. Waiting... (16/20) 
[04/12/2025  9:04:28.35] MySQL not ready yet. Waiting... (17/20) 
[04/12/2025  9:04:47.28] MySQL not ready yet. Waiting... (18/20) 
[04/12/2025  9:05:06.43] MySQL not ready yet. Waiting... (19/20) 
[04/12/2025  9:05:25.36] ERROR: MySQL not available after 5 minutes. Exiting. 
MySQL connection failed: SQLSTATE[HY000] [2002] No connection could be made because the target machine actively refused it
Please start MySQL/XAMPP service.
