[17/11/2025 19:54:48.10] Starting auto_complete_stays.php 
auto_complete_stays.php - Completed: 0 bookings, Removed: 0 from active_boarders
auto_complete_stays.php - Completed: 0 bookings, Removed: 0 from active_boarders

[17/11/2025 20:04:05.73] Starting auto_complete_stays.php 
auto_complete_stays.php - Completed: 0 bookings, Removed: 0 from active_boarders
auto_complete_stays.php - Completed: 0 bookings, Removed: 0 from active_boarders

[18/11/2025  7:55:07.01] Starting auto_complete_stays.php 
PHP Warning:  Undefined variable $pdo in C:\xampp\htdocs\BoardEase2\auto_complete_stays.php on line 235

Warning: Undefined variable $pdo in C:\xampp\htdocs\BoardEase2\auto_complete_stays.php on line 235
PHP Fatal error:  Uncaught Error: Call to a member function inTransaction() on null in C:\xampp\htdocs\BoardEase2\auto_complete_stays.php:235
Stack trace:
#0 {main}
  thrown in C:\xampp\htdocs\BoardEase2\auto_complete_stays.php on line 235

Fatal error: Uncaught Error: Call to a member function inTransaction() on null in C:\xampp\htdocs\BoardEase2\auto_complete_stays.php:235
Stack trace:
#0 {main}
  thrown in C:\xampp\htdocs\BoardEase2\auto_complete_stays.php on line 235


[18/11/2025  8:57:46.51] Starting auto_complete_stays.php 
auto_complete_stays.php - Completed: 0 bookings, Removed: 0 from active_boarders, Updated: 0 rooms to Available
auto_complete_stays.php - Completed: 0 bookings, Removed: 0 from active_boarders, Updated: 0 rooms to Available

[18/11/2025  9:25:00.95] Checking MySQL connection... 
[18/11/2025  9:25:05.12] ERROR: MySQL is not running! 
MySQL connection failed: SQLSTATE[HY000] [2002] No connection could be made because the target machine actively refused it
Please start MySQL/XAMPP service.
[18/11/2025  9:27:48.35] Checking MySQL connection... 
[18/11/2025  9:27:50.46] Starting auto_complete_stays.php 
auto_complete_stays.php - Completed: 0 bookings, Removed: 0 from active_boarders, Updated: 0 rooms to Available
auto_complete_stays.php - Completed: 0 bookings, Removed: 0 from active_boarders, Updated: 0 rooms to Available

[19/11/2025  7:28:16.26] Waiting for MySQL connection... 
[19/11/2025  7:28:20.59] MySQL not ready yet. Waiting... (1/20) 
[19/11/2025  7:28:39.27] MySQL not ready yet. Waiting... (2/20) 
[19/11/2025  7:28:58.37] MySQL not ready yet. Waiting... (3/20) 
[19/11/2025  7:29:17.35] MySQL not ready yet. Waiting... (4/20) 
[19/11/2025  7:29:36.36] MySQL not ready yet. Waiting... (5/20) 
[19/11/2025  7:29:55.33] MySQL not ready yet. Waiting... (6/20) 
[19/11/2025  7:30:14.26] MySQL not ready yet. Waiting... (7/20) 
[19/11/2025  7:30:33.36] MySQL not ready yet. Waiting... (8/20) 
[19/11/2025  7:30:52.38] MySQL not ready yet. Waiting... (9/20) 
[19/11/2025  7:31:11.37] MySQL not ready yet. Waiting... (10/20) 
[19/11/2025  7:31:30.27] MySQL not ready yet. Waiting... (11/20) 
[19/11/2025  7:31:49.31] MySQL not ready yet. Waiting... (12/20) 
[19/11/2025  7:32:08.34] MySQL not ready yet. Waiting... (13/20) 
[19/11/2025  7:32:27.31] MySQL not ready yet. Waiting... (14/20) 
[19/11/2025  7:32:46.28] MySQL not ready yet. Waiting... (15/20) 
[19/11/2025  7:33:05.39] MySQL not ready yet. Waiting... (16/20) 
[19/11/2025  7:33:24.33] MySQL not ready yet. Waiting... (17/20) 
[19/11/2025  7:33:43.38] MySQL not ready yet. Waiting... (18/20) 
[19/11/2025  7:34:02.30] MySQL not ready yet. Waiting... (19/20) 
[19/11/2025  7:34:21.36] ERROR: MySQL not available after 5 minutes. Exiting. 
MySQL connection failed: SQLSTATE[HY000] [2002] No connection could be made because the target machine actively refused it
Please start MySQL/XAMPP service.
[19/11/2025  8:00:01.96] Waiting for MySQL connection... 
[19/11/2025  8:00:04.05] MySQL is ready! Proceeding... 
[19/11/2025  8:00:04.05] Starting auto_complete_stays.php 
auto_complete_stays.php - Marked booking 48 as Completed (end_date: 2025-11-18)
auto_complete_stays.php - Removed user 35 from active_boarders (room_id: 91)
auto_complete_stays.php - Updated room 91 (Private Room) to 'Available'
auto_complete_stays.php - Completed: 1 bookings, Removed: 1 from active_boarders, Updated: 1 rooms to Available
auto_complete_stays.php - Completed: 1 bookings, Removed: 1 from active_boarders, Updated: 1 rooms to Available

[20/11/2025 10:22:10.75] Waiting for MySQL connection... 
[20/11/2025 10:22:14.93] MySQL not ready yet. Waiting... (1/20) 
[20/11/2025 10:22:34.34] MySQL not ready yet. Waiting... (2/20) 
[20/11/2025 10:22:53.40] MySQL not ready yet. Waiting... (3/20) 
[20/11/2025 10:23:12.38] MySQL not ready yet. Waiting... (4/20) 
[21/11/2025  8:33:47.05] Waiting for MySQL connection... 
[21/11/2025  8:33:51.20] MySQL not ready yet. Waiting... (1/20) 
[21/11/2025  8:34:10.38] MySQL not ready yet. Waiting... (2/20) 
[21/11/2025  8:34:29.33] MySQL not ready yet. Waiting... (3/20) 
[21/11/2025  8:34:48.41] MySQL not ready yet. Waiting... (4/20) 
[21/11/2025  8:35:07.31] MySQL not ready yet. Waiting... (5/20) 
[21/11/2025  8:35:26.33] MySQL not ready yet. Waiting... (6/20) 
[21/11/2025  8:35:45.36] MySQL not ready yet. Waiting... (7/20) 
[21/11/2025  8:36:04.29] MySQL not ready yet. Waiting... (8/20) 
[21/11/2025  8:36:23.34] MySQL not ready yet. Waiting... (9/20) 
[21/11/2025  8:36:42.28] MySQL not ready yet. Waiting... (10/20) 
[21/11/2025  8:37:01.34] MySQL not ready yet. Waiting... (11/20) 
[21/11/2025  8:37:20.27] MySQL not ready yet. Waiting... (12/20) 
[21/11/2025  8:37:39.34] MySQL not ready yet. Waiting... (13/20) 
[21/11/2025  8:37:58.41] MySQL not ready yet. Waiting... (14/20) 
[21/11/2025  8:38:17.33] MySQL not ready yet. Waiting... (15/20) 
[21/11/2025  8:38:36.27] MySQL not ready yet. Waiting... (16/20) 
[21/11/2025  8:38:55.31] MySQL not ready yet. Waiting... (17/20) 
[21/11/2025  8:39:14.25] MySQL not ready yet. Waiting... (18/20) 
[21/11/2025  8:39:33.34] MySQL not ready yet. Waiting... (19/20) 
[21/11/2025  8:39:52.34] ERROR: MySQL not available after 5 minutes. Exiting. 
MySQL connection failed: SQLSTATE[HY000] [2002] No connection could be made because the target machine actively refused it
Please start MySQL/XAMPP service.
[21/11/2025  9:28:40.87] Waiting for MySQL connection... 
[21/11/2025  9:28:42.96] MySQL is ready! Proceeding... 
[21/11/2025  9:28:42.98] Starting auto_complete_stays.php 
auto_complete_stays.php - Completed: 0 bookings, Removed: 0 from active_boarders, Updated: 0 rooms to Available
auto_complete_stays.php - Completed: 0 bookings, Removed: 0 from active_boarders, Updated: 0 rooms to Available

[22/11/2025 17:19:44.39] Waiting for MySQL connection... 
[22/11/2025 17:19:48.54] MySQL not ready yet. Waiting... (1/20) 
[22/11/2025 17:20:07.40] MySQL not ready yet. Waiting... (2/20) 
[22/11/2025 17:20:26.28] MySQL not ready yet. Waiting... (3/20) 
[22/11/2025 17:20:43.55] MySQL is ready! Proceeding... 
[22/11/2025 17:20:43.58] Starting auto_complete_stays.php 
auto_complete_stays.php - Completed: 0 bookings, Removed: 0 from active_boarders, Updated: 0 rooms to Available
auto_complete_stays.php - Completed: 0 bookings, Removed: 0 from active_boarders, Updated: 0 rooms to Available

[23/11/2025 10:26:11.18] Waiting for MySQL connection... 
[23/11/2025 10:26:13.57] MySQL is ready! Proceeding... 
[23/11/2025 10:26:13.61] Starting auto_complete_stays.php 
auto_complete_stays.php - Completed: 0 bookings, Removed: 0 from active_boarders, Updated: 0 rooms to Available
auto_complete_stays.php - Completed: 0 bookings, Removed: 0 from active_boarders, Updated: 0 rooms to Available

[24/11/2025  9:17:07.00] Waiting for MySQL connection... 
[24/11/2025  9:17:11.15] MySQL not ready yet. Waiting... (1/20) 
[24/11/2025  9:17:30.34] MySQL not ready yet. Waiting... (2/20) 
[24/11/2025  9:17:49.30] MySQL not ready yet. Waiting... (3/20) 
[24/11/2025  9:18:08.36] MySQL not ready yet. Waiting... (4/20) 
[24/11/2025  9:18:27.41] MySQL not ready yet. Waiting... (5/20) 
[24/11/2025  9:18:46.32] MySQL not ready yet. Waiting... (6/20) 
[24/11/2025  9:19:05.33] MySQL not ready yet. Waiting... (7/20) 
[24/11/2025  9:19:24.39] MySQL not ready yet. Waiting... (8/20) 
[24/11/2025  9:19:43.36] MySQL not ready yet. Waiting... (9/20) 
[24/11/2025  9:20:02.40] MySQL not ready yet. Waiting... (10/20) 
[24/11/2025  9:20:21.33] MySQL not ready yet. Waiting... (11/20) 
[24/11/2025  9:20:40.34] MySQL not ready yet. Waiting... (12/20) 
[24/11/2025  9:20:59.30] MySQL not ready yet. Waiting... (13/20) 
[24/11/2025  9:21:18.39] MySQL not ready yet. Waiting... (14/20) 
[24/11/2025  9:21:37.32] MySQL not ready yet. Waiting... (15/20) 
[24/11/2025  9:21:56.38] MySQL not ready yet. Waiting... (16/20) 
[24/11/2025  9:22:15.35] MySQL not ready yet. Waiting... (17/20) 
[24/11/2025  9:22:34.38] MySQL not ready yet. Waiting... (18/20) 
[24/11/2025  9:22:53.36] MySQL not ready yet. Waiting... (19/20) 
[24/11/2025  9:23:12.37] ERROR: MySQL not available after 5 minutes. Exiting. 
MySQL connection failed: SQLSTATE[HY000] [2002] No connection could be made because the target machine actively refused it
Please start MySQL/XAMPP service.
[25/11/2025  8:00:02.14] Waiting for MySQL connection... 
[25/11/2025  8:00:06.36] MySQL not ready yet. Waiting... (1/20) 
[25/11/2025  8:00:25.48] MySQL not ready yet. Waiting... (2/20) 
[25/11/2025  8:00:44.54] MySQL not ready yet. Waiting... (3/20) 
[25/11/2025  8:01:03.42] MySQL not ready yet. Waiting... (4/20) 
[25/11/2025  8:01:22.38] MySQL not ready yet. Waiting... (5/20) 
[25/11/2025  8:01:41.41] MySQL not ready yet. Waiting... (6/20) 
[25/11/2025  8:02:00.51] MySQL not ready yet. Waiting... (7/20) 
[25/11/2025  8:02:19.48] MySQL not ready yet. Waiting... (8/20) 
[25/11/2025  8:02:38.48] MySQL not ready yet. Waiting... (9/20) 
[25/11/2025  8:02:57.46] MySQL not ready yet. Waiting... (10/20) 
[25/11/2025  8:03:16.41] MySQL not ready yet. Waiting... (11/20) 
[25/11/2025  8:03:35.38] MySQL not ready yet. Waiting... (12/20) 
[25/11/2025  8:03:54.50] MySQL not ready yet. Waiting... (13/20) 
[25/11/2025  8:04:13.45] MySQL not ready yet. Waiting... (14/20) 
[25/11/2025  8:04:32.44] MySQL not ready yet. Waiting... (15/20) 
[25/11/2025  8:04:51.45] MySQL not ready yet. Waiting... (16/20) 
[25/11/2025  8:05:10.38] MySQL not ready yet. Waiting... (17/20) 
[25/11/2025  8:05:29.96] MySQL not ready yet. Waiting... (18/20) 
[25/11/2025  8:05:49.54] MySQL not ready yet. Waiting... (19/20) 
[25/11/2025  8:06:08.43] ERROR: MySQL not available after 5 minutes. Exiting. 
MySQL connection failed: SQLSTATE[HY000] [2002] No connection could be made because the target machine actively refused it
Please start MySQL/XAMPP service.
[26/11/2025  8:36:26.14] Waiting for MySQL connection... 
[26/11/2025  8:36:31.25] MySQL not ready yet. Waiting... (1/20) 
[26/11/2025  8:36:50.46] MySQL not ready yet. Waiting... (2/20) 
[26/11/2025  8:37:09.45] MySQL not ready yet. Waiting... (3/20) 
[26/11/2025  8:37:28.35] MySQL not ready yet. Waiting... (4/20) 
[26/11/2025  8:37:47.41] MySQL not ready yet. Waiting... (5/20) 
[26/11/2025  8:38:06.39] MySQL not ready yet. Waiting... (6/20) 
[26/11/2025  8:38:25.41] MySQL not ready yet. Waiting... (7/20) 
[26/11/2025  8:38:44.44] MySQL not ready yet. Waiting... (8/20) 
[26/11/2025  8:39:03.35] MySQL not ready yet. Waiting... (9/20) 
[26/11/2025  8:39:22.30] MySQL not ready yet. Waiting... (10/20) 
[26/11/2025  8:39:41.43] MySQL not ready yet. Waiting... (11/20) 
[26/11/2025  8:40:00.34] MySQL not ready yet. Waiting... (12/20) 
[26/11/2025  8:40:19.43] MySQL not ready yet. Waiting... (13/20) 
[26/11/2025  8:40:38.44] MySQL not ready yet. Waiting... (14/20) 
[26/11/2025  8:40:57.39] MySQL not ready yet. Waiting... (15/20) 
[26/11/2025  8:41:16.35] MySQL not ready yet. Waiting... (16/20) 
[26/11/2025  8:41:35.40] MySQL not ready yet. Waiting... (17/20) 
[26/11/2025  8:41:54.36] MySQL not ready yet. Waiting... (18/20) 
[26/11/2025  8:42:13.39] MySQL not ready yet. Waiting... (19/20) 
[26/11/2025  8:42:32.45] ERROR: MySQL not available after 5 minutes. Exiting. 
MySQL connection failed: SQLSTATE[HY000] [2002] No connection could be made because the target machine actively refused it
Please start MySQL/XAMPP service.
[27/11/2025  8:22:14.24] Waiting for MySQL connection... 
[27/11/2025  8:22:18.47] MySQL not ready yet. Waiting... (1/20) 
[27/11/2025  8:22:37.44] MySQL not ready yet. Waiting... (2/20) 
[28/11/2025 12:50:17.20] Waiting for MySQL connection... 
[28/11/2025 12:50:21.71] MySQL not ready yet. Waiting... (1/20) 
[28/11/2025 12:50:40.29] MySQL not ready yet. Waiting... (2/20) 
[28/11/2025 12:50:59.39] MySQL not ready yet. Waiting... (3/20) 
[28/11/2025 12:51:18.32] MySQL not ready yet. Waiting... (4/20) 
[28/11/2025 12:51:37.28] MySQL not ready yet. Waiting... (5/20) 
[28/11/2025 12:51:56.41] MySQL not ready yet. Waiting... (6/20) 
[28/11/2025 12:52:15.31] MySQL not ready yet. Waiting... (7/20) 
[28/11/2025 12:52:34.34] MySQL not ready yet. Waiting... (8/20) 
[28/11/2025 12:52:53.33] MySQL not ready yet. Waiting... (9/20) 
[28/11/2025 12:53:12.34] MySQL not ready yet. Waiting... (10/20) 
[28/11/2025 12:53:31.36] MySQL not ready yet. Waiting... (11/20) 
[28/11/2025 12:53:50.35] MySQL not ready yet. Waiting... (12/20) 
[28/11/2025 12:54:09.37] MySQL not ready yet. Waiting... (13/20) 
[28/11/2025 12:54:28.30] MySQL not ready yet. Waiting... (14/20) 
[28/11/2025 12:54:47.40] MySQL not ready yet. Waiting... (15/20) 
[28/11/2025 12:55:06.38] MySQL not ready yet. Waiting... (16/20) 
[28/11/2025 12:55:25.33] MySQL not ready yet. Waiting... (17/20) 
[28/11/2025 12:55:44.37] MySQL not ready yet. Waiting... (18/20) 
[28/11/2025 12:56:03.33] MySQL not ready yet. Waiting... (19/20) 
[28/11/2025 12:56:22.31] ERROR: MySQL not available after 5 minutes. Exiting. 
MySQL connection failed: SQLSTATE[HY000] [2002] No connection could be made because the target machine actively refused it
Please start MySQL/XAMPP service.
[29/11/2025  8:00:02.29] Waiting for MySQL connection... 
[29/11/2025  8:00:04.52] MySQL is ready! Proceeding... 
[29/11/2025  8:00:04.53] Starting auto_complete_stays.php 
auto_complete_stays.php - Completed: 0 bookings, Removed: 0 from active_boarders, Updated: 0 rooms to Available
auto_complete_stays.php - Completed: 0 bookings, Removed: 0 from active_boarders, Updated: 0 rooms to Available

[01/12/2025  9:05:54.58] Waiting for MySQL connection... 
[01/12/2025  9:05:58.88] MySQL is ready! Proceeding... 
[01/12/2025  9:05:58.95] Starting auto_complete_stays.php 
auto_complete_stays.php - Marked booking 50 as Completed (end_date: 2025-11-29)
auto_complete_stays.php - Removed user 35 from active_boarders (room_id: 89)
auto_complete_stays.php - Updated room 89 (Private Room) to 'Available'
auto_complete_stays.php - Completed: 1 bookings, Removed: 1 from active_boarders, Updated: 1 rooms to Available
auto_complete_stays.php - Completed: 1 bookings, Removed: 1 from active_boarders, Updated: 1 rooms to Available

[02/12/2025  8:00:02.86] Waiting for MySQL connection... 
[02/12/2025  8:00:07.08] MySQL not ready yet. Waiting... (1/20) 
[02/12/2025  8:00:26.47] MySQL not ready yet. Waiting... (2/20) 
[02/12/2025  8:00:45.42] MySQL not ready yet. Waiting... (3/20) 
[02/12/2025  8:01:04.41] MySQL not ready yet. Waiting... (4/20) 
[02/12/2025  8:01:23.41] MySQL not ready yet. Waiting... (5/20) 
[02/12/2025  8:01:42.76] MySQL not ready yet. Waiting... (6/20) 
[02/12/2025  8:02:01.43] MySQL not ready yet. Waiting... (7/20) 
[02/12/2025  8:02:20.35] MySQL not ready yet. Waiting... (8/20) 
[02/12/2025  8:02:39.39] MySQL not ready yet. Waiting... (9/20) 
[02/12/2025  8:02:58.35] MySQL not ready yet. Waiting... (10/20) 
[02/12/2025  8:03:17.38] MySQL not ready yet. Waiting... (11/20) 
[02/12/2025  8:03:36.36] MySQL not ready yet. Waiting... (12/20) 
[02/12/2025  8:03:55.40] MySQL not ready yet. Waiting... (13/20) 
[02/12/2025  8:04:14.47] MySQL not ready yet. Waiting... (14/20) 
[02/12/2025  8:04:33.71] MySQL not ready yet. Waiting... (15/20) 
[02/12/2025  8:04:52.38] MySQL not ready yet. Waiting... (16/20) 
[02/12/2025  8:05:11.41] MySQL not ready yet. Waiting... (17/20) 
[02/12/2025  8:05:30.45] MySQL not ready yet. Waiting... (18/20) 
[02/12/2025  8:05:49.42] MySQL not ready yet. Waiting... (19/20) 
[02/12/2025  8:06:08.46] ERROR: MySQL not available after 5 minutes. Exiting. 
MySQL connection failed: SQLSTATE[HY000] [2002] No connection could be made because the target machine actively refused it
Please start MySQL/XAMPP service.
[03/12/2025  8:40:49.06] Waiting for MySQL connection... 
[03/12/2025  8:40:53.23] MySQL not ready yet. Waiting... (1/20) 
[03/12/2025  8:41:12.35] MySQL not ready yet. Waiting... (2/20) 
[03/12/2025  8:41:31.33] MySQL not ready yet. Waiting... (3/20) 
[03/12/2025  8:41:50.36] MySQL not ready yet. Waiting... (4/20) 
[03/12/2025  8:42:09.36] MySQL not ready yet. Waiting... (5/20) 
[03/12/2025  8:42:28.38] MySQL not ready yet. Waiting... (6/20) 
[03/12/2025  8:42:47.27] MySQL not ready yet. Waiting... (7/20) 
[03/12/2025  8:43:06.36] MySQL not ready yet. Waiting... (8/20) 
[03/12/2025  8:43:25.31] MySQL not ready yet. Waiting... (9/20) 
[03/12/2025  8:43:44.31] MySQL not ready yet. Waiting... (10/20) 
[03/12/2025  8:44:03.34] MySQL not ready yet. Waiting... (11/20) 
[03/12/2025  8:44:22.36] MySQL not ready yet. Waiting... (12/20) 
[03/12/2025  8:44:41.31] MySQL not ready yet. Waiting... (13/20) 
[03/12/2025  8:45:00.44] MySQL not ready yet. Waiting... (14/20) 
[03/12/2025  8:45:19.33] MySQL not ready yet. Waiting... (15/20) 
[03/12/2025  8:45:38.37] MySQL not ready yet. Waiting... (16/20) 
[03/12/2025  8:45:57.38] MySQL not ready yet. Waiting... (17/20) 
[03/12/2025  8:46:16.34] MySQL not ready yet. Waiting... (18/20) 
[03/12/2025  8:46:35.30] MySQL not ready yet. Waiting... (19/20) 
[03/12/2025  8:46:54.34] ERROR: MySQL not available after 5 minutes. Exiting. 
MySQL connection failed: SQLSTATE[HY000] [2002] No connection could be made because the target machine actively refused it
Please start MySQL/XAMPP service.
[04/12/2025  8:59:20.17] Waiting for MySQL connection... 
[04/12/2025  8:59:24.43] MySQL not ready yet. Waiting... (1/20) 
[04/12/2025  8:59:43.39] MySQL not ready yet. Waiting... (2/20) 
[04/12/2025  9:00:02.38] MySQL not ready yet. Waiting... (3/20) 
[04/12/2025  9:00:21.41] MySQL not ready yet. Waiting... (4/20) 
[04/12/2025  9:00:40.34] MySQL not ready yet. Waiting... (5/20) 
[04/12/2025  9:00:59.29] MySQL not ready yet. Waiting... (6/20) 
[04/12/2025  9:01:18.41] MySQL not ready yet. Waiting... (7/20) 
[04/12/2025  9:01:37.41] MySQL not ready yet. Waiting... (8/20) 
[04/12/2025  9:01:56.37] MySQL not ready yet. Waiting... (9/20) 
[04/12/2025  9:02:15.30] MySQL not ready yet. Waiting... (10/20) 
[04/12/2025  9:02:34.34] MySQL not ready yet. Waiting... (11/20) 
[04/12/2025  9:02:53.32] MySQL not ready yet. Waiting... (12/20) 
[04/12/2025  9:03:12.37] MySQL not ready yet. Waiting... (13/20) 
[04/12/2025  9:03:31.40] MySQL not ready yet. Waiting... (14/20) 
[04/12/2025  9:03:50.29] MySQL not ready yet. Waiting... (15/20) 
[04/12/2025  9:04:09.32] MySQL not ready yet. Waiting... (16/20) 
[04/12/2025  9:04:28.35] MySQL not ready yet. Waiting... (17/20) 
[04/12/2025  9:04:47.28] MySQL not ready yet. Waiting... (18/20) 
[04/12/2025  9:05:06.43] MySQL not ready yet. Waiting... (19/20) 
[04/12/2025  9:05:25.36] ERROR: MySQL not available after 5 minutes. Exiting. 
MySQL connection failed: SQLSTATE[HY000] [2002] No connection could be made because the target machine actively refused it
Please start MySQL/XAMPP service.
[05/12/2025  8:00:01.96] Waiting for MySQL connection... 
[05/12/2025  8:00:06.08] MySQL not ready yet. Waiting... (1/20) 
[05/12/2025  8:00:25.39] MySQL not ready yet. Waiting... (2/20) 
[05/12/2025  8:00:44.31] MySQL not ready yet. Waiting... (3/20) 
[05/12/2025  8:01:03.40] MySQL not ready yet. Waiting... (4/20) 
[05/12/2025  8:01:22.38] MySQL not ready yet. Waiting... (5/20) 
[05/12/2025  8:01:41.36] MySQL not ready yet. Waiting... (6/20) 
[05/12/2025  8:02:00.28] MySQL not ready yet. Waiting... (7/20) 
[05/12/2025  8:02:19.36] MySQL not ready yet. Waiting... (8/20) 
[05/12/2025  8:02:38.34] MySQL not ready yet. Waiting... (9/20) 
[05/12/2025  8:02:57.35] MySQL not ready yet. Waiting... (10/20) 
[05/12/2025  8:03:16.36] MySQL not ready yet. Waiting... (11/20) 
[05/12/2025  8:03:35.39] MySQL not ready yet. Waiting... (12/20) 
[05/12/2025  8:03:54.37] MySQL not ready yet. Waiting... (13/20) 
[05/12/2025  8:04:13.41] MySQL not ready yet. Waiting... (14/20) 
[05/12/2025  8:04:32.37] MySQL not ready yet. Waiting... (15/20) 
[05/12/2025  8:04:51.32] MySQL not ready yet. Waiting... (16/20) 
[05/12/2025  8:05:10.28] MySQL not ready yet. Waiting... (17/20) 
[05/12/2025  8:05:29.35] MySQL not ready yet. Waiting... (18/20) 
[05/12/2025  8:05:48.32] MySQL not ready yet. Waiting... (19/20) 
[05/12/2025  8:06:07.39] ERROR: MySQL not available after 5 minutes. Exiting. 
MySQL connection failed: SQLSTATE[HY000] [2002] No connection could be made because the target machine actively refused it
Please start MySQL/XAMPP service.
[06/12/2025  9:17:56.41] Waiting for MySQL connection... 
[06/12/2025  9:18:00.70] MySQL not ready yet. Waiting... (1/20) 
[06/12/2025  9:18:19.46] MySQL not ready yet. Waiting... (2/20) 
[06/12/2025  9:18:38.40] MySQL not ready yet. Waiting... (3/20) 
[06/12/2025  9:18:57.47] MySQL not ready yet. Waiting... (4/20) 
[06/12/2025  9:19:16.40] MySQL not ready yet. Waiting... (5/20) 
[06/12/2025  9:19:35.44] MySQL not ready yet. Waiting... (6/20) 
[06/12/2025  9:19:54.36] MySQL not ready yet. Waiting... (7/20) 
[06/12/2025  9:20:13.38] MySQL not ready yet. Waiting... (8/20) 
[06/12/2025  9:20:32.44] MySQL not ready yet. Waiting... (9/20) 
[06/12/2025  9:20:51.38] MySQL not ready yet. Waiting... (10/20) 
[06/12/2025  9:21:10.44] MySQL not ready yet. Waiting... (11/20) 
[06/12/2025  9:21:29.47] MySQL not ready yet. Waiting... (12/20) 
[06/12/2025  9:21:48.46] MySQL not ready yet. Waiting... (13/20) 
[06/12/2025  9:22:07.36] MySQL not ready yet. Waiting... (14/20) 
[06/12/2025  9:22:26.40] MySQL not ready yet. Waiting... (15/20) 
[06/12/2025  9:22:45.36] MySQL not ready yet. Waiting... (16/20) 
[06/12/2025  9:23:04.45] MySQL not ready yet. Waiting... (17/20) 
[06/12/2025  9:23:23.32] MySQL not ready yet. Waiting... (18/20) 
[06/12/2025  9:23:42.33] MySQL not ready yet. Waiting... (19/20) 
[06/12/2025  9:24:01.39] ERROR: MySQL not available after 5 minutes. Exiting. 
MySQL connection failed: SQLSTATE[HY000] [2002] No connection could be made because the target machine actively refused it
Please start MySQL/XAMPP service.
[07/12/2025 16:14:48.20] Waiting for MySQL connection... 
[07/12/2025 16:14:52.40] MySQL not ready yet. Waiting... (1/20) 
[07/12/2025 16:15:11.45] MySQL not ready yet. Waiting... (2/20) 
[07/12/2025 16:15:30.33] MySQL not ready yet. Waiting... (3/20) 
[07/12/2025 16:15:49.39] MySQL not ready yet. Waiting... (4/20) 
[07/12/2025 16:16:08.38] MySQL not ready yet. Waiting... (5/20) 
[07/12/2025 16:16:27.34] MySQL not ready yet. Waiting... (6/20) 
[07/12/2025 16:16:46.38] MySQL not ready yet. Waiting... (7/20) 
[07/12/2025 16:17:05.41] MySQL not ready yet. Waiting... (8/20) 
[07/12/2025 16:17:24.40] MySQL not ready yet. Waiting... (9/20) 
[07/12/2025 16:17:43.33] MySQL not ready yet. Waiting... (10/20) 
[07/12/2025 16:18:02.42] MySQL not ready yet. Waiting... (11/20) 
[07/12/2025 16:18:21.39] MySQL not ready yet. Waiting... (12/20) 
[07/12/2025 16:18:40.40] MySQL not ready yet. Waiting... (13/20) 
[07/12/2025 16:18:59.36] MySQL not ready yet. Waiting... (14/20) 
[07/12/2025 16:19:18.34] MySQL not ready yet. Waiting... (15/20) 
[07/12/2025 16:19:37.42] MySQL not ready yet. Waiting... (16/20) 
[07/12/2025 16:19:56.37] MySQL not ready yet. Waiting... (17/20) 
[07/12/2025 16:20:15.32] MySQL not ready yet. Waiting... (18/20) 
[07/12/2025 16:20:34.39] MySQL not ready yet. Waiting... (19/20) 
[07/12/2025 16:20:53.37] ERROR: MySQL not available after 5 minutes. Exiting. 
MySQL connection failed: SQLSTATE[HY000] [2002] No connection could be made because the target machine actively refused it
Please start MySQL/XAMPP service.
[08/12/2025 16:08:46.16] Waiting for MySQL connection... 
[08/12/2025 16:08:50.34] MySQL not ready yet. Waiting... (1/20) 
[08/12/2025 16:09:09.43] MySQL not ready yet. Waiting... (2/20) 
[08/12/2025 16:09:28.42] MySQL not ready yet. Waiting... (3/20) 
[08/12/2025 16:09:47.37] MySQL not ready yet. Waiting... (4/20) 
[08/12/2025 16:10:06.37] MySQL not ready yet. Waiting... (5/20) 
[08/12/2025 16:10:25.41] MySQL not ready yet. Waiting... (6/20) 
[08/12/2025 16:10:44.39] MySQL not ready yet. Waiting... (7/20) 
[08/12/2025 16:11:03.34] MySQL not ready yet. Waiting... (8/20) 
[08/12/2025 16:11:22.44] MySQL not ready yet. Waiting... (9/20) 
[08/12/2025 16:11:41.39] MySQL not ready yet. Waiting... (10/20) 
[08/12/2025 16:12:00.37] MySQL not ready yet. Waiting... (11/20) 
[08/12/2025 16:12:19.45] MySQL not ready yet. Waiting... (12/20) 
[08/12/2025 16:12:38.32] MySQL not ready yet. Waiting... (13/20) 
[08/12/2025 16:12:57.30] MySQL not ready yet. Waiting... (14/20) 
[08/12/2025 16:13:16.43] MySQL not ready yet. Waiting... (15/20) 
[08/12/2025 16:13:35.33] MySQL not ready yet. Waiting... (16/20) 
[08/12/2025 16:13:54.35] MySQL not ready yet. Waiting... (17/20) 
[08/12/2025 16:14:13.34] MySQL not ready yet. Waiting... (18/20) 
[08/12/2025 16:14:32.42] MySQL not ready yet. Waiting... (19/20) 
[08/12/2025 16:14:51.37] ERROR: MySQL not available after 5 minutes. Exiting. 
MySQL connection failed: SQLSTATE[HY000] [2002] No connection could be made because the target machine actively refused it
Please start MySQL/XAMPP service.
[09/12/2025  8:33:32.16] Waiting for MySQL connection... 
[09/12/2025  8:33:36.33] MySQL not ready yet. Waiting... (1/20) 
[09/12/2025  8:33:55.30] MySQL not ready yet. Waiting... (2/20) 
[09/12/2025  8:34:14.33] MySQL not ready yet. Waiting... (3/20) 
[09/12/2025  8:34:33.34] MySQL not ready yet. Waiting... (4/20) 
[09/12/2025  8:34:52.31] MySQL not ready yet. Waiting... (5/20) 
[09/12/2025  8:35:11.39] MySQL not ready yet. Waiting... (6/20) 
[09/12/2025  8:35:30.36] MySQL not ready yet. Waiting... (7/20) 
[09/12/2025  8:35:49.36] MySQL not ready yet. Waiting... (8/20) 
[09/12/2025  8:36:08.31] MySQL not ready yet. Waiting... (9/20) 
[09/12/2025  8:36:27.37] MySQL not ready yet. Waiting... (10/20) 
[09/12/2025  8:36:46.40] MySQL not ready yet. Waiting... (11/20) 
[09/12/2025  8:37:05.30] MySQL not ready yet. Waiting... (12/20) 
[09/12/2025  8:37:24.38] MySQL not ready yet. Waiting... (13/20) 
[09/12/2025  8:37:43.36] MySQL not ready yet. Waiting... (14/20) 
[09/12/2025  8:38:02.42] MySQL not ready yet. Waiting... (15/20) 
[09/12/2025  8:38:21.32] MySQL not ready yet. Waiting... (16/20) 
[09/12/2025  8:38:40.39] MySQL not ready yet. Waiting... (17/20) 
[09/12/2025  8:38:59.41] MySQL not ready yet. Waiting... (18/20) 
[09/12/2025  8:39:18.40] MySQL not ready yet. Waiting... (19/20) 
[09/12/2025  8:39:37.31] ERROR: MySQL not available after 5 minutes. Exiting. 
MySQL connection failed: SQLSTATE[HY000] [2002] No connection could be made because the target machine actively refused it
Please start MySQL/XAMPP service.
