[05/12/2025  8:00:01.96] Waiting for MySQL connection... 
[05/12/2025  8:00:06.08] MySQL not ready yet. Waiting... (1/20) 
[05/12/2025  8:00:25.39] MySQL not ready yet. Waiting... (2/20) 
[05/12/2025  8:00:44.31] MySQL not ready yet. Waiting... (3/20) 
[05/12/2025  8:01:03.40] MySQL not ready yet. Waiting... (4/20) 
[05/12/2025  8:01:22.38] MySQL not ready yet. Waiting... (5/20) 
[05/12/2025  8:01:41.36] MySQL not ready yet. Waiting... (6/20) 
[05/12/2025  8:02:00.28] MySQL not ready yet. Waiting... (7/20) 
[05/12/2025  8:02:19.37] MySQL not ready yet. Waiting... (8/20) 
[05/12/2025  8:02:38.34] MySQL not ready yet. Waiting... (9/20) 
[05/12/2025  8:02:57.35] MySQL not ready yet. Waiting... (10/20) 
[05/12/2025  8:03:16.37] MySQL not ready yet. Waiting... (11/20) 
[05/12/2025  8:03:35.40] MySQL not ready yet. Waiting... (12/20) 
[05/12/2025  8:03:54.37] MySQL not ready yet. Waiting... (13/20) 
[05/12/2025  8:04:13.42] MySQL not ready yet. Waiting... (14/20) 
[05/12/2025  8:04:32.37] MySQL not ready yet. Waiting... (15/20) 
[05/12/2025  8:04:51.32] MySQL not ready yet. Waiting... (16/20) 
[05/12/2025  8:05:10.28] MySQL not ready yet. Waiting... (17/20) 
[05/12/2025  8:05:29.35] MySQL not ready yet. Waiting... (18/20) 
[05/12/2025  8:05:48.32] MySQL not ready yet. Waiting... (19/20) 
[05/12/2025  8:06:07.39] ERROR: MySQL not available after 5 minutes. Exiting. 
MySQL connection failed: SQLSTATE[HY000] [2002] No connection could be made because the target machine actively refused it
Please start MySQL/XAMPP service.
