[04/01/2026  8:25:38.54] Waiting for MySQL connection... 
[04/01/2026  8:25:42.68] MySQL not ready yet. Waiting... (1/20) 
[04/01/2026  8:26:01.34] MySQL not ready yet. Waiting... (2/20) 
[04/01/2026  8:26:20.43] MySQL not ready yet. Waiting... (3/20) 
[04/01/2026  8:26:39.33] MySQL not ready yet. Waiting... (4/20) 
[04/01/2026  8:26:58.33] MySQL not ready yet. Waiting... (5/20) 
[04/01/2026  8:27:17.41] MySQL not ready yet. Waiting... (6/20) 
[04/01/2026  8:27:36.31] MySQL not ready yet. Waiting... (7/20) 
[04/01/2026  8:27:55.35] MySQL not ready yet. Waiting... (8/20) 
[04/01/2026  8:28:14.39] MySQL not ready yet. Waiting... (9/20) 
[04/01/2026  8:28:33.37] MySQL not ready yet. Waiting... (10/20) 
[04/01/2026  8:28:52.34] MySQL not ready yet. Waiting... (11/20) 
[04/01/2026  8:29:11.30] MySQL not ready yet. Waiting... (12/20) 
[04/01/2026  8:29:30.37] MySQL not ready yet. Waiting... (13/20) 
[04/01/2026  8:29:49.31] MySQL not ready yet. Waiting... (14/20) 
[04/01/2026  8:30:08.28] MySQL not ready yet. Waiting... (15/20) 
[04/01/2026  8:30:27.32] MySQL not ready yet. Waiting... (16/20) 
[04/01/2026  8:30:46.34] MySQL not ready yet. Waiting... (17/20) 
[04/01/2026  8:31:05.37] MySQL not ready yet. Waiting... (18/20) 
[04/01/2026  8:31:24.42] MySQL not ready yet. Waiting... (19/20) 
[04/01/2026  8:31:43.37] ERROR: MySQL not available after 5 minutes. Exiting. 
MySQL connection failed: SQLSTATE[HY000] [2002] No connection could be made because the target machine actively refused it
Please start MySQL/XAMPP service.
