[25/11/2025  8:00:02.16] Waiting for MySQL connection... 
[25/11/2025  8:00:06.36] MySQL not ready yet. Waiting... (1/20) 
[25/11/2025  8:00:25.49] MySQL not ready yet. Waiting... (2/20) 
[25/11/2025  8:00:44.54] MySQL not ready yet. Waiting... (3/20) 
[25/11/2025  8:01:03.42] MySQL not ready yet. Waiting... (4/20) 
[25/11/2025  8:01:22.38] MySQL not ready yet. Waiting... (5/20) 
[25/11/2025  8:01:41.41] MySQL not ready yet. Waiting... (6/20) 
[25/11/2025  8:02:00.51] MySQL not ready yet. Waiting... (7/20) 
[25/11/2025  8:02:19.49] MySQL not ready yet. Waiting... (8/20) 
[25/11/2025  8:02:38.49] MySQL not ready yet. Waiting... (9/20) 
[25/11/2025  8:02:57.46] MySQL not ready yet. Waiting... (10/20) 
[25/11/2025  8:03:16.41] MySQL not ready yet. Waiting... (11/20) 
[25/11/2025  8:03:35.39] MySQL not ready yet. Waiting... (12/20) 
[25/11/2025  8:03:54.50] MySQL not ready yet. Waiting... (13/20) 
[25/11/2025  8:04:13.45] MySQL not ready yet. Waiting... (14/20) 
[25/11/2025  8:04:32.44] MySQL not ready yet. Waiting... (15/20) 
[25/11/2025  8:04:51.46] MySQL not ready yet. Waiting... (16/20) 
[25/11/2025  8:05:10.39] MySQL not ready yet. Waiting... (17/20) 
[25/11/2025  8:05:29.96] MySQL not ready yet. Waiting... (18/20) 
[25/11/2025  8:05:49.54] MySQL not ready yet. Waiting... (19/20) 
[25/11/2025  8:06:08.43] ERROR: MySQL not available after 5 minutes. Exiting. 
MySQL connection failed: SQLSTATE[HY000] [2002] No connection could be made because the target machine actively refused it
Please start MySQL/XAMPP service.
