[03/01/2026  9:34:17.02] Waiting for MySQL connection... 
[03/01/2026  9:34:19.13] MySQL is ready! Proceeding... 
[03/01/2026  9:34:19.13] Starting auto_complete_stays.php 
auto_complete_stays.php - Marked booking 23 as Completed (end_date: 2025-12-29)
auto_complete_stays.php - Removed user 59 from active_boarders (room_id: 83)
auto_complete_stays.php - Updated room 83 (Private Room) to 'Available'
auto_complete_stays.php - Marked booking 49 as Completed (end_date: 2025-12-13)
auto_complete_stays.php - Removed user 38 from active_boarders (room_id: 85)
auto_complete_stays.php - Updated room 85 (Private Room) to 'Available'
auto_complete_stays.php - Marked booking 58 as Completed (end_date: 2025-12-13)
auto_complete_stays.php - Removed user 62 from active_boarders (room_id: 94)
auto_complete_stays.php - Updated room 94 (Bed Spacer) to 'Available' (no other active bookings)
auto_complete_stays.php - Completed: 3 bookings, Removed: 3 from active_boarders, Updated: 3 rooms to Available
auto_complete_stays.php - Deleted old log: auto_complete_20251203_084049.log
auto_complete_stays.php - Deleted old log: auto_complete_20251204_085920.log
auto_complete_stays.php - Deleted old log: auto_complete_20251205_080001.log
auto_complete_stays.php - Deleted old log: auto_complete_20251206_091756.log
auto_complete_stays.php - Deleted old log: auto_complete_20251207_161448.log
auto_complete_stays.php - Deleted old log: auto_complete_20251208_160846.log
auto_complete_stays.php - Deleted old log: auto_complete_20251209_083332.log
auto_complete_stays.php - Deleted old log: auto_complete_20251210_080001.log
auto_complete_stays.php - Deleted old log: auto_complete_20251211_091038.log
auto_complete_stays.php - Deleted old log: auto_complete_20251212_183304.log
auto_complete_stays.php - Deleted old log: auto_complete_20251213_085832.log
auto_complete_stays.php - Deleted old log: auto_complete_20251214_125324.log
auto_complete_stays.php - Deleted old log: auto_complete_20251215_082522.log
auto_complete_stays.php - Deleted old log: auto_complete_20251217_080002.log
auto_complete_stays.php - Deleted old log: auto_complete_20251218_081034.log
auto_complete_stays.php - Deleted old log: auto_complete_20251219_175907.log
auto_complete_stays.php - Deleted old log: auto_complete_20251220_172114.log
auto_complete_stays.php - Deleted old log: auto_complete_20251222_094110.log
auto_complete_stays.php - Deleted old log: auto_complete_20251223_100524.log
auto_complete_stays.php - Deleted old log: auto_complete_20251224_123356.log
auto_complete_stays.php - Deleted old log: auto_complete_20251225_141029.log
auto_complete_stays.php - Deleted old log: auto_complete_20251226_161007.log
auto_complete_stays.php - Cleaned up 22 old log file(s)
auto_complete_stays.php - Cleaned up 22 old log file(s)
auto_complete_stays.php - Completed: 3 bookings, Removed: 3 from active_boarders, Updated: 3 rooms to Available

