[03/12/2025  8:40:49.06] Waiting for MySQL connection... 
[03/12/2025  8:40:53.23] MySQL not ready yet. Waiting... (1/20) 
[03/12/2025  8:41:12.35] MySQL not ready yet. Waiting... (2/20) 
[03/12/2025  8:41:31.33] MySQL not ready yet. Waiting... (3/20) 
[03/12/2025  8:41:50.36] MySQL not ready yet. Waiting... (4/20) 
[03/12/2025  8:42:09.36] MySQL not ready yet. Waiting... (5/20) 
[03/12/2025  8:42:28.38] MySQL not ready yet. Waiting... (6/20) 
[03/12/2025  8:42:47.27] MySQL not ready yet. Waiting... (7/20) 
[03/12/2025  8:43:06.36] MySQL not ready yet. Waiting... (8/20) 
[03/12/2025  8:43:25.31] MySQL not ready yet. Waiting... (9/20) 
[03/12/2025  8:43:44.31] MySQL not ready yet. Waiting... (10/20) 
[03/12/2025  8:44:03.34] MySQL not ready yet. Waiting... (11/20) 
[03/12/2025  8:44:22.36] MySQL not ready yet. Waiting... (12/20) 
[03/12/2025  8:44:41.31] MySQL not ready yet. Waiting... (13/20) 
[03/12/2025  8:45:00.44] MySQL not ready yet. Waiting... (14/20) 
[03/12/2025  8:45:19.35] MySQL not ready yet. Waiting... (15/20) 
[03/12/2025  8:45:38.37] MySQL not ready yet. Waiting... (16/20) 
[03/12/2025  8:45:57.38] MySQL not ready yet. Waiting... (17/20) 
[03/12/2025  8:46:16.34] MySQL not ready yet. Waiting... (18/20) 
[03/12/2025  8:46:35.31] MySQL not ready yet. Waiting... (19/20) 
[03/12/2025  8:46:54.34] ERROR: MySQL not available after 5 minutes. Exiting. 
MySQL connection failed: SQLSTATE[HY000] [2002] No connection could be made because the target machine actively refused it
Please start MySQL/XAMPP service.
