[26/11/2025  8:36:26.32] Waiting for MySQL connection... 
[26/11/2025  8:36:31.28] MySQL not ready yet. Waiting... (1/20) 
[26/11/2025  8:36:50.46] MySQL not ready yet. Waiting... (2/20) 
[26/11/2025  8:37:09.45] MySQL not ready yet. Waiting... (3/20) 
[26/11/2025  8:37:28.35] MySQL not ready yet. Waiting... (4/20) 
[26/11/2025  8:37:47.41] MySQL not ready yet. Waiting... (5/20) 
[26/11/2025  8:38:06.39] MySQL not ready yet. Waiting... (6/20) 
[26/11/2025  8:38:25.41] MySQL not ready yet. Waiting... (7/20) 
[26/11/2025  8:38:44.45] MySQL not ready yet. Waiting... (8/20) 
[26/11/2025  8:39:03.35] MySQL not ready yet. Waiting... (9/20) 
[26/11/2025  8:39:22.30] MySQL not ready yet. Waiting... (10/20) 
[26/11/2025  8:39:41.43] MySQL not ready yet. Waiting... (11/20) 
[26/11/2025  8:40:00.34] MySQL not ready yet. Waiting... (12/20) 
[26/11/2025  8:40:19.43] MySQL not ready yet. Waiting... (13/20) 
[26/11/2025  8:40:38.44] MySQL not ready yet. Waiting... (14/20) 
[26/11/2025  8:40:57.40] MySQL not ready yet. Waiting... (15/20) 
[26/11/2025  8:41:16.35] MySQL not ready yet. Waiting... (16/20) 
[26/11/2025  8:41:35.40] MySQL not ready yet. Waiting... (17/20) 
[26/11/2025  8:41:54.36] MySQL not ready yet. Waiting... (18/20) 
[26/11/2025  8:42:13.39] MySQL not ready yet. Waiting... (19/20) 
[26/11/2025  8:42:32.45] ERROR: MySQL not available after 5 minutes. Exiting. 
MySQL connection failed: SQLSTATE[HY000] [2002] No connection could be made because the target machine actively refused it
Please start MySQL/XAMPP service.
