[21/11/2025  8:33:47.05] Waiting for MySQL connection... 
[21/11/2025  8:33:51.20] MySQL not ready yet. Waiting... (1/20) 
[21/11/2025  8:34:10.38] MySQL not ready yet. Waiting... (2/20) 
[21/11/2025  8:34:29.33] MySQL not ready yet. Waiting... (3/20) 
[21/11/2025  8:34:48.41] MySQL not ready yet. Waiting... (4/20) 
[21/11/2025  8:35:07.31] MySQL not ready yet. Waiting... (5/20) 
[21/11/2025  8:35:26.33] MySQL not ready yet. Waiting... (6/20) 
[21/11/2025  8:35:45.36] MySQL not ready yet. Waiting... (7/20) 
[21/11/2025  8:36:04.29] MySQL not ready yet. Waiting... (8/20) 
[21/11/2025  8:36:23.34] MySQL not ready yet. Waiting... (9/20) 
[21/11/2025  8:36:42.28] MySQL not ready yet. Waiting... (10/20) 
[21/11/2025  8:37:01.34] MySQL not ready yet. Waiting... (11/20) 
[21/11/2025  8:37:20.27] MySQL not ready yet. Waiting... (12/20) 
[21/11/2025  8:37:39.34] MySQL not ready yet. Waiting... (13/20) 
[21/11/2025  8:37:58.41] MySQL not ready yet. Waiting... (14/20) 
[21/11/2025  8:38:17.33] MySQL not ready yet. Waiting... (15/20) 
[21/11/2025  8:38:36.27] MySQL not ready yet. Waiting... (16/20) 
[21/11/2025  8:38:55.31] MySQL not ready yet. Waiting... (17/20) 
[21/11/2025  8:39:14.25] MySQL not ready yet. Waiting... (18/20) 
[21/11/2025  8:39:33.34] MySQL not ready yet. Waiting... (19/20) 
[21/11/2025  8:39:52.34] ERROR: MySQL not available after 5 minutes. Exiting. 
MySQL connection failed: SQLSTATE[HY000] [2002] No connection could be made because the target machine actively refused it
Please start MySQL/XAMPP service.
