[06/12/2025  9:17:56.41] Waiting for MySQL connection... 
[06/12/2025  9:18:00.71] MySQL not ready yet. Waiting... (1/20) 
[06/12/2025  9:18:19.46] MySQL not ready yet. Waiting... (2/20) 
[06/12/2025  9:18:38.40] MySQL not ready yet. Waiting... (3/20) 
[06/12/2025  9:18:57.47] MySQL not ready yet. Waiting... (4/20) 
[06/12/2025  9:19:16.40] MySQL not ready yet. Waiting... (5/20) 
[06/12/2025  9:19:35.44] MySQL not ready yet. Waiting... (6/20) 
[06/12/2025  9:19:54.36] MySQL not ready yet. Waiting... (7/20) 
[06/12/2025  9:20:13.38] MySQL not ready yet. Waiting... (8/20) 
[06/12/2025  9:20:32.45] MySQL not ready yet. Waiting... (9/20) 
[06/12/2025  9:20:51.38] MySQL not ready yet. Waiting... (10/20) 
[06/12/2025  9:21:10.44] MySQL not ready yet. Waiting... (11/20) 
[06/12/2025  9:21:29.47] MySQL not ready yet. Waiting... (12/20) 
[06/12/2025  9:21:48.46] MySQL not ready yet. Waiting... (13/20) 
[06/12/2025  9:22:07.36] MySQL not ready yet. Waiting... (14/20) 
[06/12/2025  9:22:26.40] MySQL not ready yet. Waiting... (15/20) 
[06/12/2025  9:22:45.36] MySQL not ready yet. Waiting... (16/20) 
[06/12/2025  9:23:04.45] MySQL not ready yet. Waiting... (17/20) 
[06/12/2025  9:23:23.32] MySQL not ready yet. Waiting... (18/20) 
[06/12/2025  9:23:42.34] MySQL not ready yet. Waiting... (19/20) 
[06/12/2025  9:24:01.39] ERROR: MySQL not available after 5 minutes. Exiting. 
MySQL connection failed: SQLSTATE[HY000] [2002] No connection could be made because the target machine actively refused it
Please start MySQL/XAMPP service.
