[03/01/2026  8:00:01.70] Waiting for MySQL connection... 
[03/01/2026  8:00:05.82] MySQL not ready yet. Waiting... (1/20) 
[03/01/2026  8:00:24.43] MySQL not ready yet. Waiting... (2/20) 
[03/01/2026  8:00:43.33] MySQL not ready yet. Waiting... (3/20) 
[03/01/2026  8:01:02.31] MySQL not ready yet. Waiting... (4/20) 
[03/01/2026  8:01:21.30] MySQL not ready yet. Waiting... (5/20) 
[03/01/2026  8:01:55.74] MySQL not ready yet. Waiting... (6/20) 
[03/01/2026  8:02:16.14] MySQL not ready yet. Waiting... (7/20) 
[03/01/2026  8:02:35.28] MySQL not ready yet. Waiting... (8/20) 
[03/01/2026  8:02:54.31] MySQL not ready yet. Waiting... (9/20) 
[03/01/2026  8:03:13.33] MySQL not ready yet. Waiting... (10/20) 
[03/01/2026  8:03:32.32] MySQL not ready yet. Waiting... (11/20) 
[03/01/2026  8:03:51.29] MySQL not ready yet. Waiting... (12/20) 
[03/01/2026  8:04:10.32] MySQL not ready yet. Waiting... (13/20) 
[03/01/2026  8:04:29.22] MySQL not ready yet. Waiting... (14/20) 
[03/01/2026  8:04:48.33] MySQL not ready yet. Waiting... (15/20) 
[03/01/2026  8:05:07.40] MySQL not ready yet. Waiting... (16/20) 
[03/01/2026  8:05:26.24] MySQL not ready yet. Waiting... (17/20) 
[03/01/2026  8:05:45.29] MySQL not ready yet. Waiting... (18/20) 
[03/01/2026  8:06:04.35] MySQL not ready yet. Waiting... (19/20) 
[03/01/2026  8:06:23.40] ERROR: MySQL not available after 5 minutes. Exiting. 
MySQL connection failed: SQLSTATE[HY000] [2002] No connection could be made because the target machine actively refused it
Please start MySQL/XAMPP service.
