[09/12/2025  8:33:32.16] Waiting for MySQL connection... 
[09/12/2025  8:33:36.33] MySQL not ready yet. Waiting... (1/20) 
[09/12/2025  8:33:55.31] MySQL not ready yet. Waiting... (2/20) 
[09/12/2025  8:34:14.33] MySQL not ready yet. Waiting... (3/20) 
[09/12/2025  8:34:33.34] MySQL not ready yet. Waiting... (4/20) 
[09/12/2025  8:34:52.31] MySQL not ready yet. Waiting... (5/20) 
[09/12/2025  8:35:11.39] MySQL not ready yet. Waiting... (6/20) 
[09/12/2025  8:35:30.36] MySQL not ready yet. Waiting... (7/20) 
[09/12/2025  8:35:49.36] MySQL not ready yet. Waiting... (8/20) 
[09/12/2025  8:36:08.31] MySQL not ready yet. Waiting... (9/20) 
[09/12/2025  8:36:27.37] MySQL not ready yet. Waiting... (10/20) 
[09/12/2025  8:36:46.40] MySQL not ready yet. Waiting... (11/20) 
[09/12/2025  8:37:05.30] MySQL not ready yet. Waiting... (12/20) 
[09/12/2025  8:37:24.38] MySQL not ready yet. Waiting... (13/20) 
[09/12/2025  8:37:43.36] MySQL not ready yet. Waiting... (14/20) 
[09/12/2025  8:38:02.42] MySQL not ready yet. Waiting... (15/20) 
[09/12/2025  8:38:21.32] MySQL not ready yet. Waiting... (16/20) 
[09/12/2025  8:38:40.39] MySQL not ready yet. Waiting... (17/20) 
[09/12/2025  8:38:59.41] MySQL not ready yet. Waiting... (18/20) 
[09/12/2025  8:39:18.40] MySQL not ready yet. Waiting... (19/20) 
[09/12/2025  8:39:37.31] ERROR: MySQL not available after 5 minutes. Exiting. 
MySQL connection failed: SQLSTATE[HY000] [2002] No connection could be made because the target machine actively refused it
Please start MySQL/XAMPP service.
