[30/12/2025 10:17:30.14] Waiting for MySQL connection... 
[30/12/2025 10:17:34.31] MySQL not ready yet. Waiting... (1/20) 
[30/12/2025 10:17:53.43] MySQL not ready yet. Waiting... (2/20) 
[30/12/2025 10:18:12.37] MySQL not ready yet. Waiting... (3/20) 
[30/12/2025 10:18:31.38] MySQL not ready yet. Waiting... (4/20) 
[30/12/2025 10:18:50.36] MySQL not ready yet. Waiting... (5/20) 
[30/12/2025 10:19:09.30] MySQL not ready yet. Waiting... (6/20) 
[30/12/2025 10:19:28.36] MySQL not ready yet. Waiting... (7/20) 
[30/12/2025 10:19:47.32] MySQL not ready yet. Waiting... (8/20) 
[30/12/2025 10:20:06.29] MySQL not ready yet. Waiting... (9/20) 
[30/12/2025 10:20:25.39] MySQL not ready yet. Waiting... (10/20) 
[30/12/2025 10:20:44.30] MySQL not ready yet. Waiting... (11/20) 
[30/12/2025 10:21:03.36] MySQL not ready yet. Waiting... (12/20) 
[30/12/2025 10:21:22.38] MySQL not ready yet. Waiting... (13/20) 
[30/12/2025 10:21:41.40] MySQL not ready yet. Waiting... (14/20) 
[30/12/2025 10:22:00.37] MySQL not ready yet. Waiting... (15/20) 
[30/12/2025 10:22:19.37] MySQL not ready yet. Waiting... (16/20) 
[30/12/2025 10:22:38.41] MySQL not ready yet. Waiting... (17/20) 
[30/12/2025 10:22:57.45] MySQL not ready yet. Waiting... (18/20) 
[30/12/2025 10:23:16.36] MySQL not ready yet. Waiting... (19/20) 
[30/12/2025 10:23:35.35] ERROR: MySQL not available after 5 minutes. Exiting. 
MySQL connection failed: SQLSTATE[HY000] [2002] No connection could be made because the target machine actively refused it
Please start MySQL/XAMPP service.
