[19/11/2025  7:28:16.29] Waiting for MySQL connection... 
[19/11/2025  7:28:20.59] MySQL not ready yet. Waiting... (1/20) 
[19/11/2025  7:28:39.27] MySQL not ready yet. Waiting... (2/20) 
[19/11/2025  7:28:58.37] MySQL not ready yet. Waiting... (3/20) 
[19/11/2025  7:29:17.35] MySQL not ready yet. Waiting... (4/20) 
[19/11/2025  7:29:36.36] MySQL not ready yet. Waiting... (5/20) 
[19/11/2025  7:29:55.33] MySQL not ready yet. Waiting... (6/20) 
[19/11/2025  7:30:14.27] MySQL not ready yet. Waiting... (7/20) 
[19/11/2025  7:30:33.36] MySQL not ready yet. Waiting... (8/20) 
[19/11/2025  7:30:52.38] MySQL not ready yet. Waiting... (9/20) 
[19/11/2025  7:31:11.37] MySQL not ready yet. Waiting... (10/20) 
[19/11/2025  7:31:30.27] MySQL not ready yet. Waiting... (11/20) 
[19/11/2025  7:31:49.31] MySQL not ready yet. Waiting... (12/20) 
[19/11/2025  7:32:08.34] MySQL not ready yet. Waiting... (13/20) 
[19/11/2025  7:32:27.31] MySQL not ready yet. Waiting... (14/20) 
[19/11/2025  7:32:46.28] MySQL not ready yet. Waiting... (15/20) 
[19/11/2025  7:33:05.39] MySQL not ready yet. Waiting... (16/20) 
[19/11/2025  7:33:24.33] MySQL not ready yet. Waiting... (17/20) 
[19/11/2025  7:33:43.38] MySQL not ready yet. Waiting... (18/20) 
[19/11/2025  7:34:02.30] MySQL not ready yet. Waiting... (19/20) 
[19/11/2025  7:34:21.36] ERROR: MySQL not available after 5 minutes. Exiting. 
MySQL connection failed: SQLSTATE[HY000] [2002] No connection could be made because the target machine actively refused it
Please start MySQL/XAMPP service.
