[2026-01-22 01:40:19] Completed: 0 bookings, Removed: 0 from active_boarders, Updated: 0 rooms to Available
[2026-01-22 01:40:19] Deleted old log: auto_complete_20251228_064828.log
[2026-01-22 01:40:19] Deleted old log: auto_complete_20251228_080001.log
[2026-01-22 01:40:19] Deleted old log: auto_complete_20251229_112115.log
[2026-01-22 01:40:19] Deleted old log: auto_complete_20251230_101730.log
[2026-01-22 01:40:19] Deleted old log: auto_complete_20251231_085841.log
[2026-01-22 01:40:19] Deleted old log: auto_complete_20260102_112341.log
[2026-01-22 01:40:19] Deleted old log: auto_complete_20260103_080001.log
[2026-01-22 01:40:19] Deleted old log: auto_complete_20260103_093416.log
[2026-01-22 01:40:19] Deleted old log: auto_complete_20260104_082538.log
[2026-01-22 01:40:19] Deleted old log: auto_complete_20260106_144024.log
[2026-01-22 01:40:19] Deleted old log: auto_complete_20260107_082029.log
[2026-01-22 01:40:19] Deleted old log: auto_complete_20260108_085405.log
[2026-01-22 01:40:19] Deleted old log: auto_complete_20260109_085201.log
[2026-01-22 01:40:19] Deleted old log: auto_complete_20260111_192201.log
[2026-01-22 01:40:19] Deleted old log: auto_complete_20260112_184941.log
[2026-01-22 01:40:19] Deleted old log: auto_complete_20260113_111001.log
[2026-01-22 01:40:19] Cleaned up 16 old log file(s)
[2026-01-22 02:05:39] Completed: 0 bookings, Removed: 0 from active_boarders, Updated: 0 rooms to Available
[2026-01-23 16:53:02] Completed: 0 bookings, Removed: 0 from active_boarders, Updated: 0 rooms to Available
[2026-01-23 16:58:24] Removed 6 non-active users from Group Chats (Sync Check)
[2026-01-23 16:58:24] Completed: 0 bookings, Removed: 0 from active_boarders, Updated: 0 rooms to Available, Removed from Groups: 6
