[18/11/2025  9:32:58.69] Starting notification cleanup... 
[2025-11-18 02:32:58] === Notification Cleanup Started ===
[2025-11-18 02:32:58] Configuration: KEEP_DAYS=30 (1 month), DELETE_READ_ONLY=true
[2025-11-18 02:32:58] Connecting to database...
[2025-11-18 02:33:00] Database connection successful
[2025-11-18 02:33:00] Transaction started
[2025-11-18 02:33:00] Cutoff date calculated: 2025-10-19 02:33:00 (notifications older than this will be deleted)
[2025-11-18 02:33:00] Found 0 notification(s) to delete
[2025-11-18 02:33:00] No notifications found to delete (all notifications are newer than cutoff date)
[2025-11-18 02:33:00] === Notification Cleanup Completed Successfully ===
=== Notification Cleanup Started ===
Configuration: KEEP_DAYS=30 (1 month), DELETE_READ_ONLY=true
Connecting to database...
Database connection successful
Transaction started
Cutoff date calculated: 2025-10-19 02:33:00 (notifications older than this will be deleted)
Found 0 notification(s) to delete
No notifications found to delete (all notifications are newer than cutoff date)
cleanup_old_notifications.php - No notifications to delete (all are newer than 2025-10-19 02:33:00)
Configuration: KEEP_DAYS=30 (1 month), DELETE_READ_ONLY=true
=== Notification Cleanup Completed Successfully ===

[18/11/2025  9:33:00.94] Cleanup completed successfully! 
[21/11/2025  9:28:51.18] Starting notification cleanup... 
[2025-11-21 02:28:51] === Notification Cleanup Started ===
[2025-11-21 02:28:51] Configuration: KEEP_DAYS=30 (1 month), DELETE_READ_ONLY=true
[2025-11-21 02:28:51] Connecting to database...
[2025-11-21 02:28:53] Database connection successful
[2025-11-21 02:28:53] Transaction started
[2025-11-21 02:28:53] Cutoff date calculated: 2025-10-22 02:28:53 (notifications older than this will be deleted)
[2025-11-21 02:28:53] Found 0 notification(s) to delete
[2025-11-21 02:28:53] No notifications found to delete (all notifications are newer than cutoff date)
[2025-11-21 02:28:53] === Notification Cleanup Completed Successfully ===
=== Notification Cleanup Started ===
Configuration: KEEP_DAYS=30 (1 month), DELETE_READ_ONLY=true
Connecting to database...
Database connection successful
Transaction started
Cutoff date calculated: 2025-10-22 02:28:53 (notifications older than this will be deleted)
Found 0 notification(s) to delete
No notifications found to delete (all notifications are newer than cutoff date)
cleanup_old_notifications.php - No notifications to delete (all are newer than 2025-10-22 02:28:53)
Configuration: KEEP_DAYS=30 (1 month), DELETE_READ_ONLY=true
=== Notification Cleanup Completed Successfully ===

[21/11/2025  9:28:53.27] Cleanup completed successfully! 
[01/12/2025 10:42:35.66] Starting notification cleanup... 
[2025-12-01 03:42:35] === Notification Cleanup Started ===
[2025-12-01 03:42:35] Configuration: KEEP_DAYS=30 (1 month), DELETE_READ_ONLY=true
[2025-12-01 03:42:35] Connecting to database...
[2025-12-01 03:42:37] Database connection successful
[2025-12-01 03:42:37] Transaction started
[2025-12-01 03:42:37] Cutoff date calculated: 2025-11-01 03:42:37 (notifications older than this will be deleted)
[2025-12-01 03:42:37] Found 0 notification(s) to delete
[2025-12-01 03:42:37] No notifications found to delete (all notifications are newer than cutoff date)
[2025-12-01 03:42:37] === Notification Cleanup Completed Successfully ===
=== Notification Cleanup Started ===
Configuration: KEEP_DAYS=30 (1 month), DELETE_READ_ONLY=true
Connecting to database...
Database connection successful
Transaction started
Cutoff date calculated: 2025-11-01 03:42:37 (notifications older than this will be deleted)
Found 0 notification(s) to delete
No notifications found to delete (all notifications are newer than cutoff date)
cleanup_old_notifications.php - No notifications to delete (all are newer than 2025-11-01 03:42:37)
Configuration: KEEP_DAYS=30 (1 month), DELETE_READ_ONLY=true
=== Notification Cleanup Completed Successfully ===

[01/12/2025 10:42:37.92] Cleanup completed successfully! 
[10/12/2025  8:02:18.29] Starting notification cleanup... 
[2025-12-10 01:02:18] === Notification Cleanup Started ===
[2025-12-10 01:02:18] Configuration: KEEP_DAYS=30 (1 month), DELETE_READ_ONLY=true
[2025-12-10 01:02:18] Connecting to database...
[2025-12-10 01:02:20] Database connection successful
[2025-12-10 01:02:20] Transaction started
[2025-12-10 01:02:20] Cutoff date calculated: 2025-11-10 01:02:20 (notifications older than this will be deleted)
[2025-12-10 01:02:20] Found 0 notification(s) to delete
[2025-12-10 01:02:20] No notifications found to delete (all notifications are newer than cutoff date)
[2025-12-10 01:02:20] === Notification Cleanup Completed Successfully ===
=== Notification Cleanup Started ===
Configuration: KEEP_DAYS=30 (1 month), DELETE_READ_ONLY=true
Connecting to database...
Database connection successful
Transaction started
Cutoff date calculated: 2025-11-10 01:02:20 (notifications older than this will be deleted)
Found 0 notification(s) to delete
No notifications found to delete (all notifications are newer than cutoff date)
cleanup_old_notifications.php - No notifications to delete (all are newer than 2025-11-10 01:02:20)
Configuration: KEEP_DAYS=30 (1 month), DELETE_READ_ONLY=true
=== Notification Cleanup Completed Successfully ===

[10/12/2025  8:02:21.50] Cleanup completed successfully! 
