[24/11/2025 10:48:11.41] Waiting for MySQL connection... 
[24/11/2025 10:48:13.65] MySQL is ready! Proceeding... 
[24/11/2025 10:48:13.66] Starting auto_notify_payment_reminders.php 


















=== Payment Reminder Check Started ===
Date: 2025-11-24
Checking for payment breakdowns with due dates between today and 5 days from now...
Database Analysis:
  - Total breakdowns: 19
  - Unpaid breakdowns: 7
  - Unpaid (not cancelled): 7
  - Unpaid with due date: 7
  - Unpaid with future due date: 7
  - Unpaid within 5 days: 1
Found 1 payment breakdown(s) to check
Breakdown details (found 1 breakdown(s) matching criteria):
  - Breakdown ID: 28, Due Date: 2025-11-28 (from: due_date, days: 4), Amount: ₱5,000.00, BH: Kikyam BH, Room: Room PR0-2 (Private Room 01), User ID: 28, Status: Pending, Is Paid: 0
Processing Breakdown ID 28: Due Date = 2025-11-28, Days Until Due = 4
✗ Exception sending reminder: Breakdown ID 28, User ID 28, Error: SQLSTATE[23000]: Integrity constraint violation: 1062 Duplicate entry '28--2025-11-24' for key 'unique_reminder'
=== Payment Reminder Check Completed ===
Summary: Sent 0 reminder(s), Failed: 1
=========================================

