[03/01/2026 10:00:01.85] Waiting for MySQL connection... 
[03/01/2026 10:00:03.95] MySQL is ready! Proceeding... 
[03/01/2026 10:00:03.97] Starting auto_notify_payment_reminders.php 


















=== Payment Reminder Check Started ===
Date: 2026-01-03
Checking for payment breakdowns with due dates between today and 5 days from now...
Database Analysis:
  - Total breakdowns: 21
  - Unpaid breakdowns: 6
  - Unpaid (not cancelled): 6
  - Unpaid with due date: 6
  - Unpaid with future due date: 5
  - Unpaid within 5 days: 0
Found 0 payment breakdown(s) to check
No breakdowns found matching criteria.
Checking database for unpaid breakdowns...
Database Statistics:
  - Total unpaid breakdowns: 6
  - Breakdowns with due dates: 6
  - Breakdowns with future due dates: 5
  - Breakdowns within 5 days: 1
Example unpaid breakdowns (first 5):
  - ID: 20, Due: 2025-12-11 (23 days ago), Amount: ₱1,000.00, Status: Overdue
  - ID: 21, Due: 2026-01-10 (in 7 days), Amount: ₱733.33, Status: Pending
  - ID: 29, Due: 2026-01-13 (in 10 days), Amount: ₱5,000.00, Status: Pending
  - ID: 56, Due: 2026-01-16 (in 13 days), Amount: ₱2,666.67, Status: Pending
  - ID: 30, Due: 2026-02-12 (in 40 days), Amount: ₱5,000.00, Status: Pending
=== Payment Reminder Check Completed ===
Summary: Sent 0 reminder(s), Failed: 0
Deleted old log: payment_reminders_20251124_102500.log
Deleted old log: payment_reminders_20251124_103116.log
Deleted old log: payment_reminders_20251124_103644.log
Deleted old log: payment_reminders_20251124_104312.log
Deleted old log: payment_reminders_20251124_104507.log
Deleted old log: payment_reminders_20251124_104811.log
Deleted old log: payment_reminders_20251124_104927.log
Deleted old log: payment_reminders_20251124_105056.log
Deleted old log: payment_reminders_20251125_105914.log
Deleted old log: payment_reminders_20251126_100002.log
Deleted old log: payment_reminders_20251127_112652.log
Deleted old log: payment_reminders_20251128_163203.log
Deleted old log: payment_reminders_20251201_150716.log
Deleted old log: payment_reminders_20251202_153605.log
Deleted old log: payment_reminders_20251204_102900.log
Deleted old log: payment_reminders_20251205_100001.log
Deleted old log: payment_reminders_20251206_100002.log
Deleted old log: payment_reminders_20251208_072957.log
Deleted old log: payment_reminders_20251209_103806.log
Deleted old log: payment_reminders_20251211_090444.log
Deleted old log: payment_reminders_20251211_100002.log
Deleted old log: payment_reminders_20251213_113918.log
Deleted old log: payment_reminders_20251214_140038.log
Deleted old log: payment_reminders_20251215_102109.log
Deleted old log: payment_reminders_20251216_100002.log
Deleted old log: payment_reminders_20251217_100004.log
Deleted old log: payment_reminders_20251218_100001.log
Deleted old log: payment_reminders_20251219_175908.log
Deleted old log: payment_reminders_20251220_201545.log
Deleted old log: payment_reminders_20251221_160049.log
Deleted old log: payment_reminders_20251222_121131.log
Deleted old log: payment_reminders_20251223_183740.log
Deleted old log: payment_reminders_20251224_183329.log
Deleted old log: payment_reminders_20251226_201316.log
Cleaned up 34 old log file(s)
=========================================

