[09/12/2025 10:38:06.48] Waiting for MySQL connection... 
[09/12/2025 10:38:10.63] MySQL not ready yet. Waiting... (1/20) 
[09/12/2025 10:38:29.38] MySQL not ready yet. Waiting... (2/20) 
[09/12/2025 10:38:48.32] MySQL not ready yet. Waiting... (3/20) 
[09/12/2025 10:39:07.37] MySQL not ready yet. Waiting... (4/20) 
[09/12/2025 10:39:26.35] MySQL not ready yet. Waiting... (5/20) 
[09/12/2025 10:39:45.26] MySQL not ready yet. Waiting... (6/20) 
[09/12/2025 10:40:04.28] MySQL not ready yet. Waiting... (7/20) 
[09/12/2025 10:40:23.34] MySQL not ready yet. Waiting... (8/20) 
[09/12/2025 10:40:42.37] MySQL not ready yet. Waiting... (9/20) 
[09/12/2025 10:41:01.29] MySQL not ready yet. Waiting... (10/20) 
[09/12/2025 10:41:20.41] MySQL not ready yet. Waiting... (11/20) 
[09/12/2025 10:41:39.34] MySQL not ready yet. Waiting... (12/20) 
[09/12/2025 10:41:58.31] MySQL not ready yet. Waiting... (13/20) 
[09/12/2025 10:42:17.32] MySQL not ready yet. Waiting... (14/20) 
[09/12/2025 10:42:36.27] MySQL not ready yet. Waiting... (15/20) 
[09/12/2025 10:42:55.38] MySQL not ready yet. Waiting... (16/20) 
[09/12/2025 10:43:14.33] MySQL not ready yet. Waiting... (17/20) 
[09/12/2025 10:43:33.32] MySQL not ready yet. Waiting... (18/20) 
[09/12/2025 10:43:52.27] MySQL not ready yet. Waiting... (19/20) 
[09/12/2025 10:44:11.32] ERROR: MySQL not available after 5 minutes. Exiting. 
MySQL connection failed: SQLSTATE[HY000] [2002] No connection could be made because the target machine actively refused it
Please start MySQL/XAMPP service.
