[01/12/2025 15:07:16.15] Waiting for MySQL connection... 
[01/12/2025 15:07:20.75] MySQL not ready yet. Waiting... (1/20) 
[01/12/2025 15:07:39.34] MySQL not ready yet. Waiting... (2/20) 
[01/12/2025 15:07:58.26] MySQL not ready yet. Waiting... (3/20) 
[01/12/2025 15:08:17.30] MySQL not ready yet. Waiting... (4/20) 
[01/12/2025 15:08:36.25] MySQL not ready yet. Waiting... (5/20) 
[01/12/2025 15:08:55.33] MySQL not ready yet. Waiting... (6/20) 
[01/12/2025 15:09:14.34] MySQL not ready yet. Waiting... (7/20) 
[01/12/2025 15:09:33.33] MySQL not ready yet. Waiting... (8/20) 
[01/12/2025 15:09:52.32] MySQL not ready yet. Waiting... (9/20) 
[01/12/2025 15:10:11.28] MySQL not ready yet. Waiting... (10/20) 
[01/12/2025 15:10:30.28] MySQL not ready yet. Waiting... (11/20) 
[01/12/2025 15:10:49.27] MySQL not ready yet. Waiting... (12/20) 
[01/12/2025 15:11:08.34] MySQL not ready yet. Waiting... (13/20) 
[01/12/2025 15:11:27.26] MySQL not ready yet. Waiting... (14/20) 
[01/12/2025 15:11:46.32] MySQL not ready yet. Waiting... (15/20) 
[01/12/2025 15:12:05.33] MySQL not ready yet. Waiting... (16/20) 
[01/12/2025 15:12:24.27] MySQL not ready yet. Waiting... (17/20) 
[01/12/2025 15:12:43.29] MySQL not ready yet. Waiting... (18/20) 
[01/12/2025 15:13:02.33] MySQL not ready yet. Waiting... (19/20) 
[01/12/2025 15:13:21.27] ERROR: MySQL not available after 5 minutes. Exiting. 
MySQL connection failed: SQLSTATE[HY000] [2002] No connection could be made because the target machine actively refused it
Please start MySQL/XAMPP service.
