[02/01/2026 11:23:41.96] Waiting for MySQL connection... 
[02/01/2026 11:23:46.22] MySQL not ready yet. Waiting... (1/20) 
[02/01/2026 11:24:05.55] MySQL not ready yet. Waiting... (2/20) 
[02/01/2026 11:24:24.47] MySQL not ready yet. Waiting... (3/20) 
[02/01/2026 11:24:43.43] MySQL not ready yet. Waiting... (4/20) 
[02/01/2026 11:25:02.39] MySQL not ready yet. Waiting... (5/20) 
[02/01/2026 11:25:21.41] MySQL not ready yet. Waiting... (6/20) 
[02/01/2026 11:25:40.46] MySQL not ready yet. Waiting... (7/20) 
[02/01/2026 11:25:59.45] MySQL not ready yet. Waiting... (8/20) 
[02/01/2026 11:26:18.44] MySQL not ready yet. Waiting... (9/20) 
[02/01/2026 11:26:37.47] MySQL not ready yet. Waiting... (10/20) 
[02/01/2026 11:26:56.50] MySQL not ready yet. Waiting... (11/20) 
[02/01/2026 11:27:15.48] MySQL not ready yet. Waiting... (12/20) 
[02/01/2026 11:27:34.52] MySQL not ready yet. Waiting... (13/20) 
[02/01/2026 11:27:53.47] MySQL not ready yet. Waiting... (14/20) 
[02/01/2026 11:28:12.42] MySQL not ready yet. Waiting... (15/20) 
[02/01/2026 11:28:31.46] MySQL not ready yet. Waiting... (16/20) 
[02/01/2026 11:28:50.43] MySQL not ready yet. Waiting... (17/20) 
[02/01/2026 11:29:09.41] MySQL not ready yet. Waiting... (18/20) 
[02/01/2026 11:29:28.41] MySQL not ready yet. Waiting... (19/20) 
[02/01/2026 11:29:47.45] ERROR: MySQL not available after 5 minutes. Exiting. 
MySQL connection failed: SQLSTATE[HY000] [2002] No connection could be made because the target machine actively refused it
Please start MySQL/XAMPP service.
