[25/11/2025 10:59:15.09] Waiting for MySQL connection... 
[25/11/2025 10:59:20.07] MySQL not ready yet. Waiting... (1/20) 
[25/11/2025 10:59:39.53] MySQL not ready yet. Waiting... (2/20) 
[25/11/2025 11:00:06.22] MySQL not ready yet. Waiting... (3/20) 
[25/11/2025 11:00:25.58] MySQL not ready yet. Waiting... (4/20) 
[25/11/2025 11:00:44.47] MySQL not ready yet. Waiting... (5/20) 
[25/11/2025 11:01:03.44] MySQL not ready yet. Waiting... (6/20) 
[25/11/2025 11:01:22.50] MySQL not ready yet. Waiting... (7/20) 
[25/11/2025 11:01:41.49] MySQL not ready yet. Waiting... (8/20) 
[25/11/2025 11:02:00.51] MySQL not ready yet. Waiting... (9/20) 
[25/11/2025 11:02:19.54] MySQL not ready yet. Waiting... (10/20) 
[25/11/2025 11:02:38.48] MySQL not ready yet. Waiting... (11/20) 
[25/11/2025 11:02:57.48] MySQL not ready yet. Waiting... (12/20) 
[25/11/2025 11:03:16.54] MySQL not ready yet. Waiting... (13/20) 
[25/11/2025 11:03:35.54] MySQL not ready yet. Waiting... (14/20) 
[25/11/2025 11:03:54.54] MySQL not ready yet. Waiting... (15/20) 
[25/11/2025 11:04:13.77] MySQL not ready yet. Waiting... (16/20) 
[25/11/2025 11:04:32.57] MySQL not ready yet. Waiting... (17/20) 
[25/11/2025 11:04:51.54] MySQL not ready yet. Waiting... (18/20) 
[25/11/2025 11:05:10.38] MySQL not ready yet. Waiting... (19/20) 
[25/11/2025 11:05:29.51] ERROR: MySQL not available after 5 minutes. Exiting. 
MySQL connection failed: SQLSTATE[HY000] [2002] No connection could be made because the target machine actively refused it
Please start MySQL/XAMPP service.
