[24/11/2025 10:45:07.65] Waiting for MySQL connection... 
[24/11/2025 10:45:09.88] MySQL is ready! Proceeding... 
[24/11/2025 10:45:09.88] Starting auto_notify_payment_reminders.php 


















=== Payment Reminder Check Started ===
Date: 2025-11-24
Checking for payment breakdowns with due dates between today and 5 days from now...
Database Analysis:
  - Total breakdowns: 19
  - Unpaid breakdowns: 7
  - Unpaid (not cancelled): 7
  - Unpaid with due date: 7
  - Unpaid with future due date: 7
  - Unpaid within 5 days: 1
Found 1 payment breakdown(s) to check
Breakdown details (found 1 breakdown(s) matching criteria):
  - Breakdown ID: 28, Due Date: 2025-11-28 (from: due_date, days: 4), Amount: ₱5,000.00, User ID: 28, Status: Pending, Is Paid: 0
Processing Breakdown ID 28: Due Date = 2025-11-28, Days Until Due = 4
✓ Reminder sent successfully: Breakdown ID 28, User ID 28, Type: 4_days_before, Days: 4
=== Payment Reminder Check Completed ===
Summary: Sent 1 reminder(s), Failed: 0
=========================================

