[02/12/2025 15:36:06.06] Waiting for MySQL connection... 
[02/12/2025 15:36:11.73] MySQL not ready yet. Waiting... (1/20) 
[02/12/2025 15:36:30.29] MySQL not ready yet. Waiting... (2/20) 
[02/12/2025 15:36:49.28] MySQL not ready yet. Waiting... (3/20) 
[02/12/2025 15:37:08.30] MySQL not ready yet. Waiting... (4/20) 
[02/12/2025 15:37:27.33] MySQL not ready yet. Waiting... (5/20) 
[02/12/2025 15:37:46.30] MySQL not ready yet. Waiting... (6/20) 
[02/12/2025 15:38:05.35] MySQL not ready yet. Waiting... (7/20) 
[02/12/2025 15:38:24.21] MySQL not ready yet. Waiting... (8/20) 
[02/12/2025 15:38:43.35] MySQL not ready yet. Waiting... (9/20) 
[02/12/2025 15:39:02.29] MySQL not ready yet. Waiting... (10/20) 
[02/12/2025 15:39:21.28] MySQL not ready yet. Waiting... (11/20) 
[02/12/2025 15:39:40.33] MySQL not ready yet. Waiting... (12/20) 
[02/12/2025 15:39:59.34] MySQL not ready yet. Waiting... (13/20) 
[02/12/2025 15:40:18.30] MySQL not ready yet. Waiting... (14/20) 
[02/12/2025 15:40:37.31] MySQL not ready yet. Waiting... (15/20) 
[02/12/2025 15:40:56.37] MySQL not ready yet. Waiting... (16/20) 
[02/12/2025 15:41:15.29] MySQL not ready yet. Waiting... (17/20) 
[02/12/2025 15:41:34.35] MySQL not ready yet. Waiting... (18/20) 
[02/12/2025 15:41:53.27] MySQL not ready yet. Waiting... (19/20) 
[02/12/2025 15:42:12.26] ERROR: MySQL not available after 5 minutes. Exiting. 
MySQL connection failed: SQLSTATE[HY000] [2002] No connection could be made because the target machine actively refused it
Please start MySQL/XAMPP service.
