[24/11/2025 10:36:44.51] Waiting for MySQL connection... 
[24/11/2025 10:36:46.71] MySQL is ready! Proceeding... 
[24/11/2025 10:36:46.71] Starting auto_notify_payment_reminders.php 


















=== Payment Reminder Check Started ===
Date: 2025-11-24
Checking for payment breakdowns with due dates between today and 5 days from now...
Database Analysis:
  - Total breakdowns: 19
  - Unpaid breakdowns: 7
  - Unpaid (not cancelled): 7
  - Unpaid with due date: 7
  - Unpaid with future due date: 7
  - Unpaid within 5 days: 0
Found 0 payment breakdown(s) to check
No breakdowns found matching criteria.
Checking database for unpaid breakdowns...
Database Statistics:
  - Total unpaid breakdowns: 7
  - Breakdowns with due dates: 7
  - Breakdowns with future due dates: 7
  - Breakdowns within 5 days: 0
Example unpaid breakdowns (first 5):
  - ID: 20, Due: 2025-12-11 (in 17 days), Amount: ₱1,000.00, Status: Pending
  - ID: 28, Due: 2025-12-14 (in 20 days), Amount: ₱5,000.00, Status: Pending
  - ID: 21, Due: 2026-01-10 (in 47 days), Amount: ₱733.33, Status: Pending
  - ID: 29, Due: 2026-01-13 (in 50 days), Amount: ₱5,000.00, Status: Pending
  - ID: 56, Due: 2026-01-16 (in 53 days), Amount: ₱2,666.67, Status: Pending
=== Payment Reminder Check Completed ===
Summary: Sent 0 reminder(s), Failed: 0
=========================================

