[30/12/2025 12:20:21.48] Waiting for MySQL connection... 
[30/12/2025 12:20:25.63] MySQL not ready yet. Waiting... (1/20) 
[30/12/2025 12:20:44.25] MySQL not ready yet. Waiting... (2/20) 
[30/12/2025 12:21:03.31] MySQL not ready yet. Waiting... (3/20) 
[30/12/2025 12:21:22.26] MySQL not ready yet. Waiting... (4/20) 
[30/12/2025 12:21:41.29] MySQL not ready yet. Waiting... (5/20) 
[30/12/2025 12:22:00.26] MySQL not ready yet. Waiting... (6/20) 
[30/12/2025 12:22:19.41] MySQL not ready yet. Waiting... (7/20) 
[30/12/2025 12:22:38.28] MySQL not ready yet. Waiting... (8/20) 
[30/12/2025 12:22:57.35] MySQL not ready yet. Waiting... (9/20) 
[30/12/2025 12:23:16.33] MySQL not ready yet. Waiting... (10/20) 
[30/12/2025 12:23:35.27] MySQL not ready yet. Waiting... (11/20) 
[30/12/2025 12:23:54.26] MySQL not ready yet. Waiting... (12/20) 
[30/12/2025 12:24:13.30] MySQL not ready yet. Waiting... (13/20) 
[30/12/2025 12:24:32.31] MySQL not ready yet. Waiting... (14/20) 
[30/12/2025 12:24:51.31] MySQL not ready yet. Waiting... (15/20) 
[30/12/2025 12:25:10.31] MySQL not ready yet. Waiting... (16/20) 
[30/12/2025 12:25:29.35] MySQL not ready yet. Waiting... (17/20) 
[30/12/2025 12:25:48.31] MySQL not ready yet. Waiting... (18/20) 
[30/12/2025 12:26:07.32] MySQL not ready yet. Waiting... (19/20) 
[30/12/2025 12:26:26.30] ERROR: MySQL not available after 5 minutes. Exiting. 
MySQL connection failed: SQLSTATE[HY000] [2002] No connection could be made because the target machine actively refused it
Please start MySQL/XAMPP service.
