[31/12/2025 15:04:57.68] Waiting for MySQL connection... 
[31/12/2025 15:05:01.94] MySQL not ready yet. Waiting... (1/20) 
[31/12/2025 15:05:21.42] MySQL not ready yet. Waiting... (2/20) 
[31/12/2025 15:05:40.46] MySQL not ready yet. Waiting... (3/20) 
[31/12/2025 15:05:59.40] MySQL not ready yet. Waiting... (4/20) 
[31/12/2025 15:06:18.47] MySQL not ready yet. Waiting... (5/20) 
[31/12/2025 15:06:37.39] MySQL not ready yet. Waiting... (6/20) 
[31/12/2025 15:06:56.41] MySQL not ready yet. Waiting... (7/20) 
[31/12/2025 15:07:15.37] MySQL not ready yet. Waiting... (8/20) 
[31/12/2025 15:07:34.41] MySQL not ready yet. Waiting... (9/20) 
[31/12/2025 15:07:53.35] MySQL not ready yet. Waiting... (10/20) 
[31/12/2025 15:08:12.38] MySQL not ready yet. Waiting... (11/20) 
[31/12/2025 15:08:31.35] MySQL not ready yet. Waiting... (12/20) 
[31/12/2025 15:08:50.39] MySQL not ready yet. Waiting... (13/20) 
[31/12/2025 15:09:09.39] MySQL not ready yet. Waiting... (14/20) 
[31/12/2025 15:09:28.38] MySQL not ready yet. Waiting... (15/20) 
[31/12/2025 15:09:47.37] MySQL not ready yet. Waiting... (16/20) 
[31/12/2025 15:10:06.48] MySQL not ready yet. Waiting... (17/20) 
[31/12/2025 15:10:25.37] MySQL not ready yet. Waiting... (18/20) 
[31/12/2025 15:10:44.46] MySQL not ready yet. Waiting... (19/20) 
[31/12/2025 15:11:03.43] ERROR: MySQL not available after 5 minutes. Exiting. 
MySQL connection failed: SQLSTATE[HY000] [2002] No connection could be made because the target machine actively refused it
Please start MySQL/XAMPP service.
