[26/11/2025 10:00:02.26] Waiting for MySQL connection... 
[26/11/2025 10:00:04.47] MySQL is ready! Proceeding... 
[26/11/2025 10:00:04.47] Starting auto_notify_payment_reminders.php 


















=== Payment Reminder Check Started ===
Date: 2025-11-26
Checking for payment breakdowns with due dates between today and 5 days from now...
Database Analysis:
  - Total breakdowns: 19
  - Unpaid breakdowns: 7
  - Unpaid (not cancelled): 7
  - Unpaid with due date: 7
  - Unpaid with future due date: 6
  - Unpaid within 5 days: 0
Found 0 payment breakdown(s) to check
No breakdowns found matching criteria.
Checking database for unpaid breakdowns...
Database Statistics:
  - Total unpaid breakdowns: 7
  - Breakdowns with due dates: 7
  - Breakdowns with future due dates: 6
  - Breakdowns within 5 days: 1
Example unpaid breakdowns (first 5):
  - ID: 28, Due: 2025-11-24 (2 days ago), Amount: ₱5,000.00, Status: Overdue
  - ID: 20, Due: 2025-12-11 (in 15 days), Amount: ₱1,000.00, Status: Pending
  - ID: 21, Due: 2026-01-10 (in 45 days), Amount: ₱733.33, Status: Pending
  - ID: 29, Due: 2026-01-13 (in 48 days), Amount: ₱5,000.00, Status: Pending
  - ID: 56, Due: 2026-01-16 (in 51 days), Amount: ₱2,666.67, Status: Pending
=== Payment Reminder Check Completed ===
Summary: Sent 0 reminder(s), Failed: 0
=========================================

